// Jest Snapshot v1, https://goo.gl/fbAQLP

exports[`Should render header correctly 1`] = `
<header>
  <h1>
    Expensify
  </h1>
  <NavLink
    activeClassName="is-active"
    ariaCurrent="true"
    exact={true}
    to="/"
  >
    Go to Home Page  
  </NavLink>
  <NavLink
    activeClassName="is-active"
    ariaCurrent="true"
    to="/create"
  >
    Go to Create Page  
  </NavLink>
  <NavLink
    activeClassName="is-active"
    ariaCurrent="true"
    to="/help"
  >
    Go to Help Page  
  </NavLink>
</header>
`;
