// Jest Snapshot v1, https://goo.gl/fbAQLP

exports[`Should correctly render login page 1`] = `
<div
  className="box-layout"
>
  <div
    className="box-layout__box"
  >
    <h1
      className="box-layout__title"
    >
      Expensifier App
    </h1>
    <p>
      Now your can get your expenses under control
    </p>
    <button
      className="button-layout"
    >
      Login with Google
    </button>
  </div>
</div>
`;
