// Jest Snapshot v1, https://goo.gl/fbAQLP

exports[`Should render NotFound page correctly 1`] = `<notFoundPage />`;
